Fixed:pixelsize=16
Fixed:pixelsize=6
=
Fixed:pixelsize=16
Fixed:pixelsize=6
=
Fixed:pixelsize=16
Fixed:pixelsize=6
